// Jest Snapshot v1, https://goo.gl/fbAQLP

exports[`ResultDiagram matches snapshot 1`] = `
<Fragment>
  <Styled(View)>
    <Styled(Styled(View))
      key="#e30613-25"
    >
      <Styled(View)
        color="#e30613"
        percentage={25}
      />
    </Styled(Styled(View))>
    <Styled(Styled(View))
      key="#D3235D-25"
    >
      <Styled(View) />
      <Styled(View)
        color="#D3235D"
        percentage={25}
      />
    </Styled(Styled(View))>
    <Styled(Styled(View))
      key="#547F81-25"
    >
      <Styled(View) />
      <Styled(View)
        color="#547F81"
        percentage={25}
      />
    </Styled(Styled(View))>
    <Styled(Styled(View))
      key="#0085FF-25"
    >
      <Styled(View) />
      <Styled(View)
        color="#0085FF"
        percentage={25}
      />
    </Styled(Styled(View))>
  </Styled(View)>
  <Styled(Styled(View))>
    <DiagramLabel
      key="fats-#e30613"
      result={
        Object {
          "biomarker": "fats",
          "color": "#e30613",
          "percentage": 25,
        }
      }
      style={
        Object {
          "width": "50%",
        }
      }
    />
    <DiagramLabel
      key="carbohydrates-#D3235D"
      result={
        Object {
          "biomarker": "carbohydrates",
          "color": "#D3235D",
          "percentage": 25,
        }
      }
      style={
        Object {
          "width": "50%",
        }
      }
    />
    <DiagramLabel
      key="vitamins-#547F81"
      result={
        Object {
          "biomarker": "vitamins",
          "color": "#547F81",
          "percentage": 25,
        }
      }
      style={
        Object {
          "width": "50%",
        }
      }
    />
    <DiagramLabel
      key="magnesium-#0085FF"
      result={
        Object {
          "biomarker": "magnesium",
          "color": "#0085FF",
          "percentage": 25,
        }
      }
      style={
        Object {
          "width": "50%",
        }
      }
    />
  </Styled(Styled(View))>
</Fragment>
`;
