// Jest Snapshot v1, https://goo.gl/fbAQLP

exports[`ListItem matches snapshot 1`] = `
Array [
  <Styled(View)
    key="fats-#e30613"
  >
    <Styled(View)>
      <Text>
        fats
      </Text>
    </Styled(View)>
    <Styled(View)>
      <Text>
        25%
      </Text>
      <Styled(View)>
        <Styled(View)
          color="#e30613"
          percentage={35}
        />
      </Styled(View)>
    </Styled(View)>
  </Styled(View)>,
  <Styled(View)
    key="carbohydrates-#D3235D"
  >
    <Styled(View)>
      <Text>
        carbohydrates
      </Text>
    </Styled(View)>
    <Styled(View)>
      <Text>
        25%
      </Text>
      <Styled(View)>
        <Styled(View)
          color="#D3235D"
          percentage={35}
        />
      </Styled(View)>
    </Styled(View)>
  </Styled(View)>,
  <Styled(View)
    key="vitamins-#547F81"
  >
    <Styled(View)>
      <Text>
        vitamins
      </Text>
    </Styled(View)>
    <Styled(View)>
      <Text>
        25%
      </Text>
      <Styled(View)>
        <Styled(View)
          color="#547F81"
          percentage={35}
        />
      </Styled(View)>
    </Styled(View)>
  </Styled(View)>,
  <Styled(View)
    key="magnesium-#0085FF"
  >
    <Styled(View)>
      <Text>
        magnesium
      </Text>
    </Styled(View)>
    <Styled(View)>
      <Text>
        25%
      </Text>
      <Styled(View)>
        <Styled(View)
          color="#0085FF"
          percentage={35}
        />
      </Styled(View)>
    </Styled(View)>
  </Styled(View)>,
]
`;
